------------------------------------------------------------
Timing Analyzer Summary
------------------------------------------------------------

Type  : Slow 1200mV 85C Model Setup 'u1|altpll_component|auto_generated|pll1|clk[0]'
Slack : 15.291
TNS   : 0.000

Type  : Slow 1200mV 85C Model Hold 'u1|altpll_component|auto_generated|pll1|clk[0]'
Slack : 0.489
TNS   : 0.000

Type  : Slow 1200mV 85C Model Minimum Pulse Width 'MAX10_CLK1_50'
Slack : 9.822
TNS   : 0.000

Type  : Slow 1200mV 85C Model Minimum Pulse Width 'MAX10_CLK2_50'
Slack : 16.000
TNS   : 0.000

Type  : Slow 1200mV 85C Model Minimum Pulse Width 'u1|altpll_component|auto_generated|pll1|clk[0]'
Slack : 19.720
TNS   : 0.000

Type  : Slow 1200mV 85C Model Minimum Pulse Width 'ADC_CLK_10'
Slack : 96.000
TNS   : 0.000

Type  : Slow 1200mV 0C Model Setup 'u1|altpll_component|auto_generated|pll1|clk[0]'
Slack : 15.726
TNS   : 0.000

Type  : Slow 1200mV 0C Model Hold 'u1|altpll_component|auto_generated|pll1|clk[0]'
Slack : 0.410
TNS   : 0.000

Type  : Slow 1200mV 0C Model Minimum Pulse Width 'MAX10_CLK1_50'
Slack : 9.831
TNS   : 0.000

Type  : Slow 1200mV 0C Model Minimum Pulse Width 'MAX10_CLK2_50'
Slack : 16.000
TNS   : 0.000

Type  : Slow 1200mV 0C Model Minimum Pulse Width 'u1|altpll_component|auto_generated|pll1|clk[0]'
Slack : 19.708
TNS   : 0.000

Type  : Slow 1200mV 0C Model Minimum Pulse Width 'ADC_CLK_10'
Slack : 96.000
TNS   : 0.000

Type  : Fast 1200mV 0C Model Setup 'u1|altpll_component|auto_generated|pll1|clk[0]'
Slack : 17.694
TNS   : 0.000

Type  : Fast 1200mV 0C Model Hold 'u1|altpll_component|auto_generated|pll1|clk[0]'
Slack : 0.223
TNS   : 0.000

Type  : Fast 1200mV 0C Model Minimum Pulse Width 'MAX10_CLK1_50'
Slack : 9.530
TNS   : 0.000

Type  : Fast 1200mV 0C Model Minimum Pulse Width 'MAX10_CLK2_50'
Slack : 16.000
TNS   : 0.000

Type  : Fast 1200mV 0C Model Minimum Pulse Width 'u1|altpll_component|auto_generated|pll1|clk[0]'
Slack : 19.778
TNS   : 0.000

Type  : Fast 1200mV 0C Model Minimum Pulse Width 'ADC_CLK_10'
Slack : 96.000
TNS   : 0.000

------------------------------------------------------------
